// Jest Snapshot v1, https://goo.gl/fbAQLP

exports[`<HabitListItem /> renders correctly 1`] = `
<Text
  testID="habitItemTestID"
>
  ðŸ¦· Floss Teeth
</Text>
`;
