// Jest Snapshot v1, https://goo.gl/fbAQLP

exports[`<EmptyView /> renders correctly 1`] = `
<View
  style={
    Object {
      "alignItems": "center",
      "backgroundColor": "#fff",
      "flex": 1,
      "justifyContent": "center",
    }
  }
>
  <Text
    style={
      Object {
        "fontSize": 72,
      }
    }
  >
    🤷‍♀️
  </Text>
</View>
`;
