// Jest Snapshot v1, https://goo.gl/fbAQLP

exports[`<ErrorView /> renders correctly 1`] = `
<View
  style={
    Array [
      Object {
        "alignItems": "center",
        "flex": 1,
        "justifyContent": "center",
      },
      Object {
        "backgroundColor": "rgb(242, 242, 242)",
      },
    ]
  }
>
  <Text
    style={
      Object {
        "fontSize": 72,
      }
    }
  >
    ðŸ’©
  </Text>
</View>
`;
