// Jest Snapshot v1, https://goo.gl/fbAQLP

exports[`<HabitListItem /> renders correctly 1`] = `
<View
  style={
    Array [
      Object {
        "justifyContent": "center",
        "minHeight": 64,
      },
      Object {
        "backgroundColor": "rgb(255, 255, 255)",
      },
    ]
  }
>
  <Text
    style={
      Array [
        Object {
          "marginHorizontal": 20,
        },
        Object {
          "color": "rgb(28, 28, 30)",
        },
      ]
    }
  >
    ðŸ¦· Floss Teeth
  </Text>
</View>
`;
